camilo@gamba:/usr/share/mysql-workbench/data$ 
camilo@gamba:/usr/share/mysql-workbench/data$ mysql -u root -p
Enter password: 
Welcome to the MySQL monitor.  Commands end with ; or \g.
Your MySQL connection id is 30
Server version: 8.0.19 MySQL Community Server - GPL

Copyright (c) 2000, 2020, Oracle and/or its affiliates. All rights reserved.

Oracle is a registered trademark of Oracle Corporation and/or its
affiliates. Other names may be trademarks of their respective
owners.

Type 'help;' or '\h' for help. Type '\c' to clear the current input statement.

mysql> 
mysql> CREATE USER learner@localhost IDENTIFIED BY 'learner';
Query OK, 0 rows affected (0,02 sec)

mysql> create database db
    -> ;
Query OK, 1 row affected (0,01 sec)

mysql> grnat all priviledges on db.* to learner@localhost;
ERROR 1064 (42000): You have an error in your SQL syntax; check the manual that corresponds to your MySQL server version for the right syntax to use near 'grnat all priviledges on db.* to learner@localhost' at line 1
mysql> 
mysql> grant all priviledges on db.* to learner@localhost;
ERROR 1064 (42000): You have an error in your SQL syntax; check the manual that corresponds to your MySQL server version for the right syntax to use near 'priviledges on db.* to learner@localhost' at line 1
mysql> 
mysql> GRANT ALL PRIVILEDGES ON db.* TO learner@localhost;
ERROR 1064 (42000): You have an error in your SQL syntax; check the manual that corresponds to your MySQL server version for the right syntax to use near 'PRIVILEDGES ON db.* TO learner@localhost' at line 1
mysql> 
mysql> GRANT ALL PRIVILEDGES ON db.* TO 'learner'@'localhost';
ERROR 1064 (42000): You have an error in your SQL syntax; check the manual that corresponds to your MySQL server version for the right syntax to use near 'PRIVILEDGES ON db.* TO 'learner'@'localhost'' at line 1
mysql> 
mysql> 
mysql> GRANT ALL PRIVILEGES ON db.* TO 'learner'@'localhost';
Query OK, 0 rows affected (0,01 sec)

mysql> GRANT ALL PRIVILEGES ON db.* TO learner@localhost;
Query OK, 0 rows affected (0,01 sec)

mysql> FLUSH PRIVILEGES;
Query OK, 0 rows affected (0,01 sec)

mysql> Bye
    -> ;
ERROR 1064 (42000): You have an error in your SQL syntax; check the manual that corresponds to your MySQL server version for the right syntax to use near 'Bye' at line 1
mysql> exit
Bye
camilo@gamba:/usr/share/mysql-workbench/data$ mysql -u learner -p
Enter password: 
Welcome to the MySQL monitor.  Commands end with ; or \g.
Your MySQL connection id is 31
Server version: 8.0.19 MySQL Community Server - GPL

Copyright (c) 2000, 2020, Oracle and/or its affiliates. All rights reserved.

Oracle is a registered trademark of Oracle Corporation and/or its
affiliates. Other names may be trademarks of their respective
owners.

Type 'help;' or '\h' for help. Type '\c' to clear the current input statement.

mysql> use db;
Database changed
mysql> 

